<?xml version="1.0" encoding="utf-8"?><testsuites name="pytest tests"><testsuite name="pytest" errors="0" failures="0" skipped="0" tests="15" time="23.362" timestamp="2026-03-19T00:27:57.721552+02:00" hostname="Andrean"><testcase classname="tests.api.test_auth.TestAuth" name="test_login_valid" time="1.053" /><testcase classname="tests.api.test_auth.TestAuth" name="test_login_response_time" time="0.955" /><testcase classname="tests.api.test_auth.TestAuth" name="test_login_negative[adr12@gmail.com-Password123!-400-Incorrect email or password.]" time="0.992" /><testcase classname="tests.api.test_auth.TestAuth" name="test_login_negative[nonexistent@abv.bg-Password123!-400-Incorrect email or password.]" time="0.880" /><testcase classname="tests.api.test_auth.TestAuth" name="test_login_negative[--400-Email is required]" time="0.890" /><testcase classname="tests.api.test_auth.TestAuth" name="test_login_negative[' OR '1'='1-Password123!-400-Incorrect email or password.]" time="0.871" /><testcase classname="tests.api.test_auth.TestAuth" name="test_login_negative[nonexistent@abv.bg-' OR '1'='1-400-Incorrect email or password.]" time="0.895" /><testcase classname="tests.api.test_auth.TestAuth" name="test_login_edge[ADR12@GMAIL.COM-Kubrat803!-400]" time="0.880" /><testcase classname="tests.api.test_auth.TestAuth" name="test_login_edge[ adr12@gmail.com -Kubrat803!-400]" time="0.880" /><testcase classname="tests.api.test_auth.TestAuth" name="test_login_edge[adr12@gmail.com-Kubrat803! -400]" time="0.951" /><testcase classname="tests.api.test_auth.TestAuth" name="test_login_edge[adr12@gmail.com-kubrat803!-400]" time="0.941" /><testcase classname="tests.api.test_auth.TestAuth" name="test_login_edge[aaaaaaaaaaaaaaaaaaaaaaaaaaaaaaaaaaaaaaaaaaaaaaaaaaaaaaaaaaaaaaaaaaaaaaaaaaaaaaaaaaaaaaaaaaaaaaaaaaaa@abv.bg-Kubrat803!-400]" time="0.892" /><testcase classname="tests.api.test_auth.TestAuth" name="test_token_from_another_user" time="1.713" /><testcase classname="tests.api.test_auth.TestAuth" name="test_brute_force_protection" time="9.450" /><testcase classname="tests.api.test_auth.TestAuth" name="test_register_valid" time="0.963" /></testsuite></testsuites>